分类: 📺央视频道, 名称: CCTV-1, 有效: 2, IPv4: 20, IPv6: 0, 最小延迟: 839 ms, 最高速率: 5.36 M/s, 平均速率: 4.51 M/s, 最高分辨率: 1920x1080, 平均帧率: 未知, 视频编解码器: 未知, 音频编解码器: 未知
分类: 📺央视频道, 名称: CCTV-2, 有效: 5, IPv4: 20, IPv6: 0, 最小延迟: 810 ms, 最高速率: 5.45 M/s, 平均速率: 1.35 M/s, 最高分辨率: 1280x720, 平均帧率: 25.00, 视频编解码器: h264, 音频编解码器: aac
分类: 📺央视频道, 名称: CCTV-3, 有效: 4, IPv4: 17, IPv6: 0, 最小延迟: 836 ms, 最高速率: 5.20 M/s, 平均速率: 2.82 M/s, 最高分辨率: 1920x1080, 平均帧率: 25.00, 视频编解码器: h264, 音频编解码器: aac
分类: 📺央视频道, 名称: CCTV-4, 有效: 5, IPv4: 18, IPv6: 0, 最小延迟: 572 ms, 最高速率: 4.77 M/s, 平均速率: 1.76 M/s, 最高分辨率: 1920x1080, 平均帧率: 30.00, 视频编解码器: h264, 音频编解码器: aac
分类: 📺央视频道, 名称: CCTV-5, 有效: 5, IPv4: 19, IPv6: 0, 最小延迟: 666 ms, 最高速率: 4.89 M/s, 平均速率: 1.61 M/s, 最高分辨率: 1280x720, 平均帧率: 未知, 视频编解码器: 未知, 音频编解码器: 未知
分类: 📺央视频道, 名称: CCTV-6, 有效: 5, IPv4: 17, IPv6: 0, 最小延迟: 535 ms, 最高速率: 6.27 M/s, 平均速率: 2.95 M/s, 最高分辨率: 1280x720, 平均帧率: 未知, 视频编解码器: 未知, 音频编解码器: 未知
分类: 📺央视频道, 名称: CCTV-5+, 有效: 3, IPv4: 14, IPv6: 0, 最小延迟: 503 ms, 最高速率: 3.55 M/s, 平均速率: 2.15 M/s, 最高分辨率: 1920x1080, 平均帧率: 50.00, 视频编解码器: h264, 音频编解码器: ac3
分类: 📺央视频道, 名称: CCTV-7, 有效: 5, IPv4: 19, IPv6: 0, 最小延迟: 651 ms, 最高速率: 5.59 M/s, 平均速率: 3.26 M/s, 最高分辨率: 1920x1080, 平均帧率: 未知, 视频编解码器: 未知, 音频编解码器: 未知
分类: 📺央视频道, 名称: CCTV-8, 有效: 5, IPv4: 19, IPv6: 0, 最小延迟: 542 ms, 最高速率: 5.57 M/s, 平均速率: 3.25 M/s, 最高分辨率: 1920x1080, 平均帧率: 未知, 视频编解码器: 未知, 音频编解码器: 未知
分类: 📺央视频道, 名称: CCTV-9, 有效: 5, IPv4: 18, IPv6: 0, 最小延迟: 541 ms, 最高速率: 5.39 M/s, 平均速率: 2.64 M/s, 最高分辨率: 1920x1080, 平均帧率: 25.00, 视频编解码器: h264, 音频编解码器: aac
分类: 📺央视频道, 名称: CCTV-10, 有效: 5, IPv4: 18, IPv6: 0, 最小延迟: 686 ms, 最高速率: 4.66 M/s, 平均速率: 2.61 M/s, 最高分辨率: 1920x1080, 平均帧率: 42.50, 视频编解码器: h264, 音频编解码器: aac
分类: 📺央视频道, 名称: CCTV-11, 有效: 5, IPv4: 18, IPv6: 0, 最小延迟: 593 ms, 最高速率: 4.81 M/s, 平均速率: 2.13 M/s, 最高分辨率: 1920x1080, 平均帧率: 25.00, 视频编解码器: h264, 音频编解码器: aac
分类: 📺央视频道, 名称: CCTV-12, 有效: 5, IPv4: 17, IPv6: 0, 最小延迟: 832 ms, 最高速率: 5.25 M/s, 平均速率: 3.66 M/s, 最高分辨率: 1280x720, 平均帧率: 未知, 视频编解码器: 未知, 音频编解码器: 未知
分类: 📺央视频道, 名称: CCTV-14, 有效: 5, IPv4: 17, IPv6: 0, 最小延迟: 617 ms, 最高速率: 4.90 M/s, 平均速率: 3.22 M/s, 最高分辨率: 1920x1080, 平均帧率: 未知, 视频编解码器: 未知, 音频编解码器: 未知
分类: 📺央视频道, 名称: CCTV-15, 有效: 5, IPv4: 15, IPv6: 0, 最小延迟: 646 ms, 最高速率: 4.75 M/s, 平均速率: 3.28 M/s, 最高分辨率: 1280x720, 平均帧率: 未知, 视频编解码器: 未知, 音频编解码器: 未知
分类: 📺央视频道, 名称: CCTV-13, 有效: 5, IPv4: 17, IPv6: 0, 最小延迟: 557 ms, 最高速率: 5.22 M/s, 平均速率: 2.65 M/s, 最高分辨率: 1920x1080, 平均帧率: 50.00, 视频编解码器: h264, 音频编解码器: ac3
分类: 📺央视频道, 名称: CCTV-16, 有效: 3, IPv4: 15, IPv6: 0, 最小延迟: 493 ms, 最高速率: 3.00 M/s, 平均速率: 1.84 M/s, 最高分辨率: 1920x1080, 平均帧率: 未知, 视频编解码器: 未知, 音频编解码器: 未知
分类: 📺央视频道, 名称: CCTV-17, 有效: 5, IPv4: 16, IPv6: 0, 最小延迟: 89 ms, 最高速率: 58.87 M/s, 平均速率: 23.39 M/s, 最高分辨率: 1920x1080, 平均帧率: 未知, 视频编解码器: 未知, 音频编解码器: 未知
分类: 📺央视频道, 名称: CETV-3, 有效: 2, IPv4: 2, IPv6: 0, 最小延迟: 761 ms, 最高速率: 3.53 M/s, 平均速率: 3.47 M/s, 最高分辨率: 1280x720, 平均帧率: 未知, 视频编解码器: 未知, 音频编解码器: 未知
分类: 📺央视频道, 名称: CETV-2, 有效: 0, IPv4: 1, IPv6: 0, 最小延迟: -1 ms, 最高速率: 0.00 M/s, 平均速率: 0.00 M/s, 最高分辨率: None, 平均帧率: 未知, 视频编解码器: 未知, 音频编解码器: 未知
分类: 📡卫视频道, 名称: 香港卫视, 有效: 0, IPv4: 2, IPv6: 0, 最小延迟: -1 ms, 最高速率: 0.00 M/s, 平均速率: 0.00 M/s, 最高分辨率: None, 平均帧率: 未知, 视频编解码器: 未知, 音频编解码器: 未知
分类: 📺央视频道, 名称: CETV-1, 有效: 4, IPv4: 5, IPv6: 0, 最小延迟: 625 ms, 最高速率: 4.78 M/s, 平均速率: 2.94 M/s, 最高分辨率: 1920x1080, 平均帧率: 25.00, 视频编解码器: h264, 音频编解码器: aac
分类: 📡卫视频道, 名称: 广东卫视, 有效: 5, IPv4: 16, IPv6: 0, 最小延迟: 274 ms, 最高速率: 32.22 M/s, 平均速率: 9.06 M/s, 最高分辨率: 1920x1080, 平均帧率: 50.00, 视频编解码器: h264, 音频编解码器: ac3
分类: 📡卫视频道, 名称: 浙江卫视, 有效: 5, IPv4: 17, IPv6: 0, 最小延迟: 839 ms, 最高速率: 4.55 M/s, 平均速率: 1.36 M/s, 最高分辨率: 1920x1080, 平均帧率: 25.00, 视频编解码器: h264, 音频编解码器: aac
分类: 📡卫视频道, 名称: 北京卫视, 有效: 4, IPv4: 16, IPv6: 0, 最小延迟: 634 ms, 最高速率: 5.28 M/s, 平均速率: 3.36 M/s, 最高分辨率: 1920x1080, 平均帧率: 50.00, 视频编解码器: h264, 音频编解码器: ac3
分类: 📡卫视频道, 名称: 湖北卫视, 有效: 3, IPv4: 13, IPv6: 0, 最小延迟: 524 ms, 最高速率: 4.71 M/s, 平均速率: 2.34 M/s, 最高分辨率: 1920x1080, 平均帧率: 50.00, 视频编解码器: h264, 音频编解码器: ac3
分类: 📡卫视频道, 名称: 黑龙江卫视, 有效: 5, IPv4: 16, IPv6: 0, 最小延迟: 562 ms, 最高速率: 5.01 M/s, 平均速率: 1.95 M/s, 最高分辨率: 1920x1080, 平均帧率: 50.00, 视频编解码器: h264, 音频编解码器: ac3
分类: 📡卫视频道, 名称: 湖南卫视, 有效: 4, IPv4: 19, IPv6: 0, 最小延迟: 524 ms, 最高速率: 5.15 M/s, 平均速率: 3.60 M/s, 最高分辨率: 3840x2160, 平均帧率: 30.00, 视频编解码器: h264, 音频编解码器: aac
分类: 📡卫视频道, 名称: 安徽卫视, 有效: 2, IPv4: 14, IPv6: 0, 最小延迟: 888 ms, 最高速率: 5.14 M/s, 平均速率: 2.80 M/s, 最高分辨率: 1920x1080, 平均帧率: 25.00, 视频编解码器: h264, 音频编解码器: aac
分类: 📡卫视频道, 名称: 东方卫视, 有效: 5, IPv4: 14, IPv6: 0, 最小延迟: 336 ms, 最高速率: 4.73 M/s, 平均速率: 3.20 M/s, 最高分辨率: 1920x1080, 平均帧率: 未知, 视频编解码器: 未知, 音频编解码器: 未知
分类: 📡卫视频道, 名称: 重庆卫视, 有效: 2, IPv4: 13, IPv6: 0, 最小延迟: 528 ms, 最高速率: 4.67 M/s, 平均速率: 2.82 M/s, 最高分辨率: 1920x1080, 平均帧率: 未知, 视频编解码器: 未知, 音频编解码器: 未知
分类: 📡卫视频道, 名称: 东南卫视, 有效: 4, IPv4: 14, IPv6: 0, 最小延迟: 533 ms, 最高速率: 4.70 M/s, 平均速率: 2.20 M/s, 最高分辨率: 1920x1080, 平均帧率: 50.00, 视频编解码器: h264, 音频编解码器: ac3
分类: 📡卫视频道, 名称: 甘肃卫视, 有效: 3, IPv4: 11, IPv6: 0, 最小延迟: 892 ms, 最高速率: 4.87 M/s, 平均速率: 3.60 M/s, 最高分辨率: 1920x1080, 平均帧率: 50.00, 视频编解码器: h264, 音频编解码器: ac3
分类: 📡卫视频道, 名称: 广西卫视, 有效: 5, IPv4: 12, IPv6: 0, 最小延迟: 550 ms, 最高速率: 4.89 M/s, 平均速率: 1.96 M/s, 最高分辨率: 1920x1080, 平均帧率: 50.00, 视频编解码器: h264, 音频编解码器: ac3
分类: 📡卫视频道, 名称: 贵州卫视, 有效: 5, IPv4: 15, IPv6: 0, 最小延迟: 97 ms, 最高速率: 54.84 M/s, 平均速率: 13.59 M/s, 最高分辨率: 1920x1080, 平均帧率: 25.00, 视频编解码器: h264, 音频编解码器: aac
分类: 📡卫视频道, 名称: 海南卫视, 有效: 2, IPv4: 11, IPv6: 0, 最小延迟: 1468 ms, 最高速率: 2.31 M/s, 平均速率: 1.59 M/s, 最高分辨率: 1920x1080, 平均帧率: 50.00, 视频编解码器: h264, 音频编解码器: ac3
分类: 📡卫视频道, 名称: 河北卫视, 有效: 3, IPv4: 15, IPv6: 0, 最小延迟: 832 ms, 最高速率: 5.08 M/s, 平均速率: 2.61 M/s, 最高分辨率: 1920x1080, 平均帧率: 37.50, 视频编解码器: h264, 音频编解码器: aac
分类: 📡卫视频道, 名称: 河南卫视, 有效: 4, IPv4: 16, IPv6: 0, 最小延迟: 585 ms, 最高速率: 5.31 M/s, 平均速率: 3.02 M/s, 最高分辨率: 1920x1080, 平均帧率: 50.00, 视频编解码器: h264, 音频编解码器: mp2
分类: 📡卫视频道, 名称: 吉林卫视, 有效: 3, IPv4: 12, IPv6: 0, 最小延迟: 583 ms, 最高速率: 5.44 M/s, 平均速率: 2.66 M/s, 最高分辨率: 1920x1080, 平均帧率: 未知, 视频编解码器: 未知, 音频编解码器: 未知
分类: 📡卫视频道, 名称: 江苏卫视, 有效: 4, IPv4: 14, IPv6: 0, 最小延迟: 441 ms, 最高速率: 4.69 M/s, 平均速率: 3.57 M/s, 最高分辨率: 1920x1080, 平均帧率: 未知, 视频编解码器: 未知, 音频编解码器: 未知
分类: 📡卫视频道, 名称: 江西卫视, 有效: 5, IPv4: 16, IPv6: 0, 最小延迟: 66 ms, 最高速率: 82.65 M/s, 平均速率: 19.51 M/s, 最高分辨率: 1920x1080, 平均帧率: 50.00, 视频编解码器: h264, 音频编解码器: aac
分类: 📡卫视频道, 名称: 辽宁卫视, 有效: 5, IPv4: 15, IPv6: 0, 最小延迟: 590 ms, 最高速率: 5.17 M/s, 平均速率: 4.20 M/s, 最高分辨率: 1920x1080, 平均帧率: 未知, 视频编解码器: 未知, 音频编解码器: 未知
分类: 📡卫视频道, 名称: 内蒙古卫视, 有效: 5, IPv4: 14, IPv6: 0, 最小延迟: 57 ms, 最高速率: 87.58 M/s, 平均速率: 31.57 M/s, 最高分辨率: 1920x1080, 平均帧率: 未知, 视频编解码器: 未知, 音频编解码器: 未知
分类: 📡卫视频道, 名称: 宁夏卫视, 有效: 5, IPv4: 11, IPv6: 0, 最小延迟: 79 ms, 最高速率: 69.87 M/s, 平均速率: 36.52 M/s, 最高分辨率: 1920x1080, 平均帧率: 25.00, 视频编解码器: h264, 音频编解码器: aac
分类: 📡卫视频道, 名称: 青海卫视, 有效: 3, IPv4: 10, IPv6: 0, 最小延迟: 542 ms, 最高速率: 5.16 M/s, 平均速率: 2.81 M/s, 最高分辨率: 1920x1080, 平均帧率: 50.00, 视频编解码器: h264, 音频编解码器: ac3
分类: 📡卫视频道, 名称: 山东卫视, 有效: 4, IPv4: 15, IPv6: 0, 最小延迟: 644 ms, 最高速率: 1.94 M/s, 平均速率: 1.19 M/s, 最高分辨率: 1920x1080, 平均帧率: 37.50, 视频编解码器: h264, 音频编解码器: aac
分类: 📡卫视频道, 名称: 山西卫视, 有效: 5, IPv4: 14, IPv6: 0, 最小延迟: 95 ms, 最高速率: 58.90 M/s, 平均速率: 23.37 M/s, 最高分辨率: 1920x1080, 平均帧率: 25.00, 视频编解码器: h264, 音频编解码器: aac
分类: 📡卫视频道, 名称: 陕西卫视, 有效: 3, IPv4: 12, IPv6: 0, 最小延迟: 71 ms, 最高速率: 79.86 M/s, 平均速率: 29.56 M/s, 最高分辨率: 1920x1080, 平均帧率: 未知, 视频编解码器: 未知, 音频编解码器: 未知
分类: 📡卫视频道, 名称: 四川卫视, 有效: 4, IPv4: 16, IPv6: 0, 最小延迟: 72 ms, 最高速率: 78.52 M/s, 平均速率: 32.13 M/s, 最高分辨率: 3840x2160, 平均帧率: 未知, 视频编解码器: 未知, 音频编解码器: 未知
分类: 📡卫视频道, 名称: 三沙卫视, 有效: 5, IPv4: 8, IPv6: 0, 最小延迟: 542 ms, 最高速率: 4.02 M/s, 平均速率: 1.31 M/s, 最高分辨率: 1920x1080, 平均帧率: 未知, 视频编解码器: 未知, 音频编解码器: 未知
分类: 📡卫视频道, 名称: 深圳卫视, 有效: 4, IPv4: 15, IPv6: 0, 最小延迟: 883 ms, 最高速率: 4.91 M/s, 平均速率: 2.06 M/s, 最高分辨率: 1920x1080, 平均帧率: 50.00, 视频编解码器: h264, 音频编解码器: ac3
分类: 📡卫视频道, 名称: 天津卫视, 有效: 3, IPv4: 14, IPv6: 0, 最小延迟: 867 ms, 最高速率: 5.38 M/s, 平均速率: 3.67 M/s, 最高分辨率: 1920x1080, 平均帧率: 未知, 视频编解码器: 未知, 音频编解码器: 未知
分类: 📡卫视频道, 名称: 西藏卫视, 有效: 4, IPv4: 12, IPv6: 0, 最小延迟: 99 ms, 最高速率: 60.24 M/s, 平均速率: 17.17 M/s, 最高分辨率: 1920x1080, 平均帧率: 37.50, 视频编解码器: mpeg2video, 音频编解码器: mp2
分类: 📡卫视频道, 名称: 新疆卫视, 有效: 4, IPv4: 12, IPv6: 0, 最小延迟: 136 ms, 最高速率: 36.88 M/s, 平均速率: 10.89 M/s, 最高分辨率: 1920x1080, 平均帧率: 25.00, 视频编解码器: h264, 音频编解码器: aac
分类: 📡卫视频道, 名称: 云南卫视, 有效: 3, IPv4: 12, IPv6: 0, 最小延迟: 798 ms, 最高速率: 4.62 M/s, 平均速率: 3.83 M/s, 最高分辨率: 1920x1080, 平均帧率: 未知, 视频编解码器: 未知, 音频编解码器: 未知
分类: ☘️广东频道, 名称: 广东体育, 有效: 1, IPv4: 2, IPv6: 0, 最小延迟: 822 ms, 最高速率: 3.74 M/s, 平均速率: 3.74 M/s, 最高分辨率: 1280x720, 平均帧率: 未知, 视频编解码器: 未知, 音频编解码器: 未知
分类: ☘️广东频道, 名称: 广东珠江, 有效: 2, IPv4: 2, IPv6: 0, 最小延迟: 669 ms, 最高速率: 1.31 M/s, 平均速率: 0.99 M/s, 最高分辨率: 1280x720, 平均帧率: 未知, 视频编解码器: 未知, 音频编解码器: 未知
分类: ☘️广东频道, 名称: 广东新闻, 有效: 1, IPv4: 2, IPv6: 0, 最小延迟: 943 ms, 最高速率: 4.79 M/s, 平均速率: 4.79 M/s, 最高分辨率: 1280x720, 平均帧率: 未知, 视频编解码器: 未知, 音频编解码器: 未知
分类: ☘️广东频道, 名称: 广东民生, 有效: 1, IPv4: 3, IPv6: 0, 最小延迟: 1718 ms, 最高速率: 0.40 M/s, 平均速率: 0.40 M/s, 最高分辨率: 1280x720, 平均帧率: 未知, 视频编解码器: 未知, 音频编解码器: 未知
分类: ☘️广东频道, 名称: 大湾区卫视, 有效: 4, IPv4: 10, IPv6: 0, 最小延迟: 1147 ms, 最高速率: 4.12 M/s, 平均速率: 3.12 M/s, 最高分辨率: 1280x720, 平均帧率: 未知, 视频编解码器: 未知, 音频编解码器: 未知
分类: ☘️广东频道, 名称: 广州综合, 有效: 4, IPv4: 4, IPv6: 0, 最小延迟: 1482 ms, 最高速率: 0.84 M/s, 平均速率: 0.77 M/s, 最高分辨率: 1280x720, 平均帧率: 未知, 视频编解码器: 未知, 音频编解码器: 未知
分类: ☘️广东频道, 名称: 广州影视, 有效: 0, IPv4: 1, IPv6: 0, 最小延迟: -1 ms, 最高速率: 0.00 M/s, 平均速率: 0.00 M/s, 最高分辨率: None, 平均帧率: 未知, 视频编解码器: 未知, 音频编解码器: 未知
分类: ☘️广东频道, 名称: 广州竞赛, 有效: 0, IPv4: 2, IPv6: 0, 最小延迟: 3836 ms, 最高速率: 0.03 M/s, 平均速率: 0.00 M/s, 最高分辨率: 1280x720, 平均帧率: 25.00, 视频编解码器: h264, 音频编解码器: aac
